npm warn deprecated next@14.2.6: This version has a security vulnerability. Please upgrade to a patched version. See https://nextjs.org/blog/security-update-2025-12-11 for more details.
┌─────────────────────────────────────────────────────────┐
│  Update available 5.22.0 -> 7.4.2                       │
│                                                         │
│  This is a major update - please follow the guide at    │
│  https://pris.ly/d/major-version-upgrade                │
│                                                         │
│  Run the following to update                            │
│    npm i --save-dev prisma@latest                       │
│    npm i @prisma/client@latest                          │
└─────────────────────────────────────────────────────────┘
Warning: topic "sentence_structure" has 0 seeded exercises.
Warning: topic "comparatives_superlatives" has 0 seeded exercises.
Warning: topic "sentence_structure" has 0 seeded exercises.
Warning: topic "comparatives_superlatives" has 0 seeded exercises.
. was unexpected at this time.
Warning: topic "sentence_structure" has 0 seeded exercises.
Warning: topic "comparatives_superlatives" has 0 seeded exercises.
. was unexpected at this time.
Warning: topic "sentence_structure" has 0 seeded exercises.
Warning: topic "comparatives_superlatives" has 0 seeded exercises.
. was unexpected at this time.
